admin-system/admin-web/src/lib/config.ts(9,34): error TS2339: Property 'env' does not exist on type 'ImportMeta'.
admin-system/admin-web/src/main.tsx(3,17): error TS5097: An import path can only end with a '.tsx' extension when 'allowImportingTsExtensions' is enabled.
client/screens/ProfileScreen.tsx(32,3): error TS2741: Property 'iconBg' is missing in type '{ icon: "shopping-bag"; label: string; route: string; iconColor: string; }' but required in type 'MenuItem'.
client/screens/ProfileScreen.tsx(38,3): error TS2741: Property 'iconBg' is missing in type '{ icon: "credit-card"; label: string; route: string; iconColor: string; }' but required in type 'MenuItem'.
client/screens/ProfileScreen.tsx(48,3): error TS2741: Property 'iconBg' is missing in type '{ icon: "edit-2"; label: string; route: string; iconColor: string; }' but required in type 'MenuItem'.
client/screens/ProfileScreen.tsx(54,3): error TS2741: Property 'iconBg' is missing in type '{ icon: "log-out"; label: string; route: string; iconColor: string; }' but required in type 'MenuItem'.
client/screens/ProfileScreen.tsx(60,3): error TS2741: Property 'iconBg' is missing in type '{ icon: "trash-2"; label: string; route: string; iconColor: string; danger: true; }' but required in type 'MenuItem'.
website/src/context/AuthContext.tsx(29,50): error TS2339: Property 'env' does not exist on type 'ImportMeta'.
website/src/lib/firebase.ts(5,23): error TS2339: Property 'env' does not exist on type 'ImportMeta'.
website/src/lib/firebase.ts(6,27): error TS2339: Property 'env' does not exist on type 'ImportMeta'.
website/src/lib/firebase.ts(7,26): error TS2339: Property 'env' does not exist on type 'ImportMeta'.
website/src/lib/firebase.ts(8,30): error TS2339: Property 'env' does not exist on type 'ImportMeta'.
website/src/lib/firebase.ts(9,34): error TS2339: Property 'env' does not exist on type 'ImportMeta'.
website/src/lib/firebase.ts(10,22): error TS2339: Property 'env' does not exist on type 'ImportMeta'.
website/src/lib/firebase.ts(11,30): error TS2339: Property 'env' does not exist on type 'ImportMeta'.
website/src/main.tsx(4,17): error TS5097: An import path can only end with a '.tsx' extension when 'allowImportingTsExtensions' is enabled.
website/src/pages/Checkout.tsx(26,48): error TS2339: Property 'env' does not exist on type 'ImportMeta'.
website/src/pages/Marketplace.tsx(21,26): error TS2339: Property 'env' does not exist on type 'ImportMeta'.
